// Jest Snapshot v1, https://goo.gl/fbAQLP

exports[`renders correctly 1`] = `
<div>
  <h1
    className="title"
  >
    User Listing App
  </h1>
  <input
    className="input"
    onChange={[Function]}
    placeholder="Search User.."
    value=""
  />
  <div
    className="alignCenter"
  >
    No data found with given search.
  </div>
</div>
`;
